
> hr-management-frontend@1.3.0 test
> vitest Application/__tests__/accessibility.test.jsx --run --reporter=verbose

The CJS build of Vite's Node API is deprecated. See https://vite.dev/guide/troubleshooting.html#vite-cjs-node-api-deprecated for more details.

[7m[1m[36m RUN [39m[22m[27m [36mv1.6.1[39m [90mD:/Careerak/Careerak-vsc/frontend[39m


ظ»ظ»ظ»ظ»ظ»ظ» Failed Suites 1 ظ»ظ»ظ»ظ»ظ»ظ»ظ»

 FAIL  src/components/Application/__tests__/accessibility.test.jsx [ src/components/Application/__tests__/accessibility.test.jsx ]
TypeError: Cannot convert undefined or null to object
 ظإ» src/components/Application/__tests__/accessibility.test.jsx:21:8
     19| 
     20| // Extend expect with axe matchers
     21| expect.extend(toHaveNoViolations);
       |        ^
     22| 
     23| describe('Accessibility Tests', () => {

ظ»ظ»ظ»ظ»ظ»ظ»ظ»ظ»ظ»ظ»ظ»ظ»ظ»ظ»ظ»ظ»ظ»ظ»ظ»ظ»ظ»ظ»ظ»ظ»[1/1]ظ»

[2m Test Files [22m [1m[31m1 failed[39m[22m[90m (1)[39m
[2m      Tests [22m [2mno tests[22m
[2m   Start at [22m 02:36:59
[2m   Duration [22m 18.70s[2m (transform 2.68s, setup 1.25s, collect 0ms, tests 0ms, environment 5.73s, prepare 658ms)[22m

ظ£ô Generated version.json: v1.3.0
≡اù║ي╕  Generating sitemap...
ظ£ô Generated sitemap.xml with 10 URLs
  Base URL: https://careerak.com
  Location: D:\Careerak\Careerak-vsc\frontend\build\sitemap.xml
ظ£ô Generated service worker with 148 files (4.64 MB)
