
> hr-management-frontend@1.3.0 test
> vitest --run

The CJS build of Vite's Node API is deprecated. See https://vite.dev/guide/troubleshooting.html#vite-cjs-node-api-deprecated for more details.

[7m[1m[36m RUN [39m[22m[27m [36mv1.6.1[39m [90mD:/Careerak/Careerak-vsc/frontend[39m

 [32mظ£ô[39m src/test/installability.property.test.js [2m ([22m[2m13 tests[22m[2m)[22m[33m 1029[2mms[22m[39m
[90mstdout[2m | src/test/update-notification.property.test.jsx[2m > [22m[2mService Worker Update Notification Property Tests[2m > [22m[2mProperty PWA-4: Update Notification[2m > [22m[2mProperty: Service worker update must trigger notification display[22m[39m
User not logged in, skipping Pusher initialization

[90mstdout[2m | src/test/update-notification.property.test.jsx[2m > [22m[2mService Worker Update Notification Property Tests[2m > [22m[2mProperty PWA-4: Update Notification[2m > [22m[2mProperty: Update notification must show when waiting worker exists[22m[39m
User not logged in, skipping Pusher initialization

[90mstdout[2m | src/test/update-notification.property.test.jsx[2m > [22m[2mService Worker Update Notification Property Tests[2m > [22m[2mProperty PWA-4: Update Notification[2m > [22m[2mProperty: Update notification must contain required UI elements[22m[39m
User not logged in, skipping Pusher initialization

[90mstdout[2m | src/test/update-notification.property.test.jsx[2m > [22m[2mService Worker Update Notification Property Tests[2m > [22m[2mProperty PWA-4: Update Notification[2m > [22m[2mProperty: Update button must trigger SKIP_WAITING message[22m[39m
User not logged in, skipping Pusher initialization

[90mstdout[2m | src/test/update-notification.property.test.jsx[2m > [22m[2mService Worker Update Notification Property Tests[2m > [22m[2mProperty PWA-4: Update Notification[2m > [22m[2mProperty: Dismiss button must hide notification[22m[39m
User not logged in, skipping Pusher initialization

[90mstdout[2m | src/test/update-notification.property.test.jsx[2m > [22m[2mService Worker Update Notification Property Tests[2m > [22m[2mProperty PWA-4: Update Notification[2m > [22m[2mProperty: Update notification must support multiple languages[22m[39m
User not logged in, skipping Pusher initialization

[90mstdout[2m | src/test/update-notification.property.test.jsx[2m > [22m[2mService Worker Update Notification Property Tests[2m > [22m[2mProperty PWA-4: Update Notification[2m > [22m[2mProperty: Update notification must have proper accessibility attributes[22m[39m
User not logged in, skipping Pusher initialization

[90mstdout[2m | src/test/update-notification.property.test.jsx[2m > [22m[2mService Worker Update Notification Property Tests[2m > [22m[2mProperty PWA-4: Update Notification[2m > [22m[2mProperty: Update notification must not show when no update available[22m[39m
User not logged in, skipping Pusher initialization

[90mstdout[2m | src/test/update-notification.property.test.jsx[2m > [22m[2mService Worker Update Notification Property Tests[2m > [22m[2mProperty PWA-4: Update Notification[2m > [22m[2mProperty: Update notification must trigger on state change to installed[22m[39m
User not logged in, skipping Pusher initialization

[90mstdout[2m | src/test/update-notification.property.test.jsx[2m > [22m[2mService Worker Update Notification Property Tests[2m > [22m[2mProperty PWA-4: Update Notification[2m > [22m[2mProperty: Update notification must be idempotent for multiple updates[22m[39m
User not logged in, skipping Pusher initialization

[90mstdout[2m | src/test/update-notification.property.test.jsx[2m > [22m[2mService Worker Update Notification Property Tests[2m > [22m[2mProperty PWA-4: Update Notification[2m > [22m[2mProperty: Update notification must persist across re-renders[22m[39m
User not logged in, skipping Pusher initialization

[90mstdout[2m | src/test/update-notification.property.test.jsx[2m > [22m[2mService Worker Update Notification Property Tests[2m > [22m[2mProperty PWA-4: Update Notification[2m > [22m[2mProperty: Update notification must handle rapid state changes[22m[39m
User not logged in, skipping Pusher initialization

[90mstdout[2m | src/test/update-notification.property.test.jsx[2m > [22m[2mService Worker Update Notification Property Tests[2m > [22m[2mProperty PWA-4: Update Notification[2m > [22m[2mProperty: Update notification must handle missing controller gracefully[22m[39m
User not logged in, skipping Pusher initialization

[90mstdout[2m | src/test/update-notification.property.test.jsx[2m > [22m[2mService Worker Update Notification Property Tests[2m > [22m[2mProperty PWA-4: Update Notification[2m > [22m[2mProperty: Update notification styling must be consistent[22m[39m
User not logged in, skipping Pusher initialization

[90mstdout[2m | src/test/update-notification.property.test.jsx[2m > [22m[2mService Worker Update Notification Property Tests[2m > [22m[2mProperty PWA-4: Update Notification[2m > [22m[2mProperty: Update notification must handle concurrent worker updates[22m[39m
User not logged in, skipping Pusher initialization

[90mstdout[2m | src/test/update-notification.property.test.jsx[2m > [22m[2mService Worker Update Notification Property Tests[2m > [22m[2mFR-PWA-6 Compliance[2m > [22m[2mProperty: System must notify user when service worker updates[22m[39m
User not logged in, skipping Pusher initialization

[90mstdout[2m | src/test/update-notification.property.test.jsx[2m > [22m[2mService Worker Update Notification Property Tests[2m > [22m[2mFR-PWA-6 Compliance[2m > [22m[2mProperty: System must offer reload option for new version[22m[39m
User not logged in, skipping Pusher initialization

[90mstdout[2m | src/test/update-notification.property.test.jsx[2m > [22m[2mService Worker Update Notification Property Tests[2m > [22m[2mFR-PWA-6 Compliance[2m > [22m[2mProperty: Update notification must be reliable across different scenarios[22m[39m
User not logged in, skipping Pusher initialization

 [32mظ£ô[39m src/test/update-notification.property.test.jsx [2m ([22m[2m18 tests[22m[2m)[22m[33m 426[2mms[22m[39m
[90mstdout[2m | src/test/update-notification.property.test.jsx[22m[39m
User not logged in, skipping Pusher initialization

 [32mظ£ô[39m src/test/offline-caching.property.test.js [2m ([22m[2m27 tests[22m[2m)[22m[33m 1030[2mms[22m[39m
 [32mظ£ô[39m src/test/gpu-acceleration.property.test.js [2m ([22m[2m24 tests[22m[2m)[22m[33m 806[2mms[22m[39m
 [32mظ£ô[39m src/test/service-worker-registration.property.test.js [2m ([22m[2m18 tests[22m[2m)[22m[33m 612[2mms[22m[39m
 [32mظ£ô[39m src/context/__tests__/ThemeContext.property.test.jsx [2m ([22m[2m19 tests[22m[2m)[22m[33m 22846[2mms[22m[39m
 [32mظ£ô[39m src/test/layout-stability.property.test.jsx [2m ([22m[2m12 tests[22m[2m)[22m[33m 25447[2mms[22m[39m
stderr | src/components/modals/__tests__/ModalAnimations.test.jsx > Modal Animations - Comprehensive Test Suite > Modal Animation Rendering > PolicyModal renders with animation variants
Warning: A suspended resource finished loading inside a test, but the event was not wrapped in act(...).

When testing, code that resolves suspended data should be wrapped into act(...):

act(() => {
  /* finish loading suspended data */
});
/* assert on the output */

This ensures that you're testing the behavior the user would see in the browser. Learn more at https://reactjs.org/link/wrap-tests-with-act

stderr | src/components/modals/__tests__/ModalAnimations.test.jsx > Modal Animations - Comprehensive Test Suite > Edge Cases and Error Handling > Modal animations work without AnimationProvider
Error: useAnimation must be used within an AnimationProvider
    at Module.useAnimation (D:\Careerak\Careerak-vsc\frontend\src\context\AnimationContext.jsx:174:11)
    at AlertModal (D:\Careerak\Careerak-vsc\frontend\src\components\modals\AlertModal.jsx:12:39)
    at renderWithHooks (D:\Careerak\Careerak-vsc\frontend\node_modules\react-dom\cjs\react-dom.development.js:15486:18)
    at mountIndeterminateComponent (D:\Careerak\Careerak-vsc\frontend\node_modules\react-dom\cjs\react-dom.development.js:20103:13)
    at beginWork (D:\Careerak\Careerak-vsc\frontend\node_modules\react-dom\cjs\react-dom.development.js:21626:16)
    at HTMLUnknownElement.callCallback (D:\Careerak\Careerak-vsc\frontend\node_modules\react-dom\cjs\react-dom.development.js:4164:14)
    at HTMLUnknownElement.callTheUserObjectsOperation (D:\Careerak\Careerak-vsc\frontend\node_modules\jsdom\lib\generated\idl\EventListener.js:26:30)
    at innerInvokeEventListeners (D:\Careerak\Careerak-vsc\frontend\node_modules\jsdom\lib\jsdom\living\events\EventTarget-impl.js:360:16)
    at invokeEventListeners (D:\Careerak\Careerak-vsc\frontend\node_modules\jsdom\lib\jsdom\living\events\EventTarget-impl.js:296:3)
    at HTMLUnknownElementImpl._dispatch (D:\Careerak\Careerak-vsc\frontend\node_modules\jsdom\lib\jsdom\living\events\EventTarget-impl.js:243:9)
Error: useAnimation must be used within an AnimationProvider
    at Module.useAnimation (D:\Careerak\Careerak-vsc\frontend\src\context\AnimationContext.jsx:174:11)
    at AlertModal (D:\Careerak\Careerak-vsc\frontend\src\components\modals\AlertModal.jsx:12:39)
    at renderWithHooks (D:\Careerak\Careerak-vsc\frontend\node_modules\react-dom\cjs\react-dom.development.js:15486:18)
    at mountIndeterminateComponent (D:\Careerak\Careerak-vsc\frontend\node_modules\react-dom\cjs\react-dom.development.js:20103:13)
    at beginWork (D:\Careerak\Careerak-vsc\frontend\node_modules\react-dom\cjs\react-dom.development.js:21626:16)
    at HTMLUnknownElement.callCallback (D:\Careerak\Careerak-vsc\frontend\node_modules\react-dom\cjs\react-dom.development.js:4164:14)
    at HTMLUnknownElement.callTheUserObjectsOperation (D:\Careerak\Careerak-vsc\frontend\node_modules\jsdom\lib\generated\idl\EventListener.js:26:30)
    at innerInvokeEventListeners (D:\Careerak\Careerak-vsc\frontend\node_modules\jsdom\lib\jsdom\living\events\EventTarget-impl.js:360:16)
    at invokeEventListeners (D:\Careerak\Careerak-vsc\frontend\node_modules\jsdom\lib\jsdom\living\events\EventTarget-impl.js:296:3)
    at HTMLUnknownElementImpl._dispatch (D:\Careerak\Careerak-vsc\frontend\node_modules\jsdom\lib\jsdom\living\events\EventTarget-impl.js:243:9)
The above error occurred in the <AlertModal> component:

    at AlertModal (D:\Careerak\Careerak-vsc\frontend\src\components\modals\AlertModal.jsx:13:23)

Consider adding an error boundary to your tree to customize error handling behavior.
Visit https://reactjs.org/link/error-boundaries to learn more about error boundaries.

 [33mظإ»[39m src/components/modals/__tests__/ModalAnimations.test.jsx [2m ([22m[2m45 tests[22m [2m|[22m [31m1 failed[39m[2m)[22m[33m 1747[2mms[22m[39m
[31m   [33mظإ»[31m src/components/modals/__tests__/ModalAnimations.test.jsx[2m > [22mModal Animations - Comprehensive Test Suite[2m > [22mModal Animation Rendering[2m > [22mPolicyModal renders with animation variants[39m
[31m     ظْ Unable to find an element with the text: Policy Content. This could be because the text is broken up by multiple elements. In this case, you can provide a function for your text matcher to make your matcher more flexible.

Ignored nodes: comments, script, style
[36m<body>[31m
  [36m<div>[31m
    [36m<div[31m
      [33mclass[31m=[32m"fixed inset-0 z-50 bg-black/50 dark:bg-black/70 flex items-center justify-center p-4 transition-all duration-300"[31m
      [33mdir[31m=[32m"ltr"[31m
      [33mstyle[31m=[32m"opacity: 0;"[31m
    [36m>[31m
      [36m<div[31m
        [33mclass[31m=[32m"bg-[#E3DAD1] dark:bg-[#2d2d2d] rounded-3xl max-w-4xl w-full max-h-[90vh] flex flex-col shadow-2xl border-4 border-[#304B60] dark:border-[#D48161] overflow-hidden transition-all duration-300"[31m
        [33mstyle[31m=[32m"opacity: 0; transform: scale(0.95) translateZ(0);"[31m
      [36m>[31m
        [36m<div[31m
          [33mclass[31m=[32m"flex items-center justify-between p-6 border-b border-[#304B60]/10 dark:border-[#D48161]/20 bg-[#E3DAD1] dark:bg-[#2d2d2d] flex-shrink-0 transition-all duration-300"[31m
        [36m>[31m
          [36m<h2[31m
            [33mclass[31m=[32m"text-2xl font-black text-[#304B60] dark:text-[#e0e0e0] transition-colors duration-300"[31m
            [33mstyle[31m=[32m"font-family: \"Cormorant Garamond\", serif; font-weight: inherit; font-style: inherit;"[31m
          [36m>[31m
            [0mPrivacy Policy[0m
          [36m</h2>[31m
          [36m<button[31m
            [33maria-label[31m=[32m"Close"[31m
            [33mclass[31m=[32m"w-10 h-10 rounded-full bg-[#304B60] dark:bg-[#D48161] text-[#E3DAD1] dark:text-[#1a1a1a] flex items-center justify-center hover:bg-[#D48161] dark:hover:bg-[#c97151] transition-all duration-300"[31m
            [33mstyle[31m=[32m"font-family: \"Cormorant Garamond\", serif; font-weight: inherit; font-style: inherit;"[31m
          [36m>[31m
            [0mظ£ـ[0m
          [36m</button>[31m
        [36m</div>[31m
        [36m<div[31m
          [33mclass[31m=[32m"flex-1 overflow-y-auto p-6 scrollbar-thin scrollbar-thumb-[#304B60] dark:scrollbar-thumb-[#D48161] scrollbar-track-[#E3DAD1] dark:scrollbar-track-[#1a1a1a] transition-all duration-300"[31m
          [33mstyle[31m=[32m"scroll-behavior: smooth; font-family: \"Cormorant Garamond\", serif; font-weight: inherit; font-style: inherit;"[31m
        [36m>[31m
          [36m<div[31m
            [33mclass[31m=[32m"flex items-center justify-center py-12"[31m
          [36m>[31m
            [36m<div[31m
              [33mclass[31m=[32m"animate-spin rounded-full h-12 w-12 border-b-2 border-[#304B60] dark:border-[#D48161]"[31m
            [36m/>[31m
          [36m</div>[31m
        [36m</div>[31m
        [36m<div[31m
          [33mclass[31m=[32m"flex gap-4 p-6 border-t border-[#304B60]/10 dark:border-[#D48161]/20 bg-[#E3DAD1] dark:bg-[#2d2d2d] flex-shrink-0 transition-all duration-300"[31m
        [36m>[31m
          [36m<button[31m
            [33mclass[31m=[32m"flex-1 bg-[#304B60] dark:bg-[#D48161] text-[#D48161] dark:text-[#1a1a1a] py-3 rounded-2xl font-black hover:bg-[#D48161] dark:hover:bg-[#c97151] hover:text-[#304B60] dark:hover:text-[#1a1a1a] transition-all duration-300"[31m
            [33mstyle[31m=[32m"font-family: \"Cormorant Garamond\", serif; font-weight: inherit; font-style: inherit;"[31m
          [36m>[31m
            [0mAgree[0m
          [36m</button>[31m
          [36m<button[31m
            [33mclass[31m=[32m"flex-1 bg-[#E3DAD1] dark:bg-[#1a1a1a] text-[#304B60] dark:text-[#e0e0e0] py-3 rounded-2xl font-black border-2 border-[#304B60]/20 dark:border-[#D48161]/50 hover:border-[#304B60] dark:hover:border-[#D48161] transition-all duration-300"[31m
            [33mstyle[31m=[32m"font-family: \"Cormorant Garamond\", serif; font-weight: inherit; font-style: inherit;"[31m
          [36m>[31m
            [0mClose[0m
          [36m</button>[31m
        [36m</div>[31m
      [36m</div>[31m
    [36m</div>[31m
  [36m</div>[31m
[36m</body>[31m[39m
 [32mظ£ô[39m tests/error-logging.property.test.jsx [2m ([22m[2m10 tests[22m[2m)[22m[33m 15911[2mms[22m[39m
 [32mظ£ô[39m tests/button-disable.property.test.jsx [2m ([22m[2m20 tests[22m[2m)[22m[33m 13156[2mms[22m[39m
 [32mظ£ô[39m src/test/stagger-delay.property.test.js [2m ([22m[2m31 tests[22m[2m)[22m[90m 255[2mms[22m[39m
 [32mظ£ô[39m src/components/SEO/__tests__/SEOHead.test.jsx [2m ([22m[2m43 tests[22m[2m)[22m[33m 860[2mms[22m[39m
